// Jest Snapshot v1, https://goo.gl/fbAQLP

exports[`<BarChart /> Should render and match the snapshot 1`] = `ShallowWrapper {}`;
